formação JAVA Fundamentals

1z0-803
1z0-804

Laura Santos ISEL 960266373
links
https://github.com/github/gitignore/blob/master/Global/Eclipse.gitignore
https://github.com/github/gitignore/tree/master/Global
http://git-scm.com/downloads
https://ninite.com/

Applet ( Entrega declaraçãoes IRS)

JRE Java runtime envoirement

evoirement variables
%SystemRoot%\system32;%SystemRoot%;%SystemRoot%\System32\Wbem;%SYSTEMROOT%\System32\WindowsPowerShell\v1.0\;C:\Program Files\Java\jdk1.7.0_51\bin;C:\Program Files (x86)\Git\bin
*******
c:\windows\path 


Microsoft Windows [Version 6.3.9600]
(c) 2013 Microsoft Corporation. All rights reserved.

C:\Windows\System32>cd ..

C:\Windows>path
PATH=C:\Windows\system32;C:\Windows;C:\Windows\System32\Wbem;C:\Windows\System32
\WindowsPowerShell\v1.0\

C:\Windows>java
Usage: java [-options] class [args...]
           (to execute a class)
   or  java [-options] -jar jarfile [args...]
           (to execute a jar file)
where options include:
    -d32          use a 32-bit data model if available
    -d64          use a 64-bit data model if available
    -server       to select the "server" VM
    -hotspot      is a synonym for the "server" VM  [deprecated]
                  The default VM is server.

    -cp <class search path of directories and zip/jar files>
    -classpath <class search path of directories and zip/jar files>
                  A ; separated list of directories, JAR archives,
                  and ZIP archives to search for class files.
    -D<name>=<value>
                  set a system property
    -verbose:[class|gc|jni]
                  enable verbose output
    -version      print product version and exit
    -version:<value>
                  require the specified version to run
    -showversion  print product version and continue
    -jre-restrict-search | -no-jre-restrict-search
                  include/exclude user private JREs in the version search
    -? -help      print this help message
    -X            print help on non-standard options
    -ea[:<packagename>...|:<classname>]
    -enableassertions[:<packagename>...|:<classname>]
                  enable assertions with specified granularity
    -da[:<packagename>...|:<classname>]
    -disableassertions[:<packagename>...|:<classname>]
                  disable assertions with specified granularity
    -esa | -enablesystemassertions
                  enable system assertions
    -dsa | -disablesystemassertions
                  disable system assertions
    -agentlib:<libname>[=<options>]
                  load native agent library <libname>, e.g. -agentlib:hprof
                  see also, -agentlib:jdwp=help and -agentlib:hprof=help
    -agentpath:<pathname>[=<options>]
                  load native agent library by full pathname
    -javaagent:<jarpath>[=<options>]
                  load Java programming language agent, see java.lang.instrument

    -splash:<imagepath>
                  show splash screen with specified image
See http://www.oracle.com/technetwork/java/javase/documentation/index.html for m
ore details.



****************************************************************


compilar por linha de comandos 

Microsoft Windows [Version 6.3.9600]
(c) 2013 Microsoft Corporation. All rights reserved.

C:\Windows\System32>cd C:\Users\Training Center\repository\HelloWorld\bin

C:\Users\Training Center\repository\HelloWorld\bin>javac Main.java
javac: file not found: Main.java
Usage: javac <options> <source files>
use -help for a list of possible options

C:\Users\Training Center\repository\HelloWorld\bin>cd..

C:\Users\Training Center\repository\HelloWorld>dir
 Volume in drive C has no label.
 Volume Serial Number is C2C3-47A8

 Directory of C:\Users\Training Center\repository\HelloWorld

03/05/2014  11:06    <DIR>          .
03/05/2014  11:06    <DIR>          ..
03/05/2014  11:06               301 .classpath
03/05/2014  11:06               386 .project
03/05/2014  11:06    <DIR>          .settings
03/05/2014  11:08    <DIR>          bin
03/05/2014  11:08    <DIR>          src
               2 File(s)            687 bytes
               5 Dir(s)  66 452 361 216 bytes free

C:\Users\Training Center\repository\HelloWorld>cd src

C:\Users\Training Center\repository\HelloWorld\src>javac Main.java

C:\Users\Training Center\repository\HelloWorld\src>java Main

C:\Users\Training Center\repository\HelloWorld\src>javac Main.java

C:\Users\Training Center\repository\HelloWorld\src>java Main
Hello World

C:\Users\Training Center\repository\HelloWorld\src>
***********************
Git  Hub
https://github.com/
https://github.com/github/gitignore/blob/master/Java.gitignore

***************************************************
Microsoft Windows [Version 6.3.9600]
(c) 2013 Microsoft Corporation. All rights reserved.

C:\Windows\System32>gitini
'gitini' is not recognized as an internal or external command,
operable program or batch file.

C:\Windows\System32>git
usage: git [--version] [--help] [-C <path>] [-c name=value]
           [--exec-path[=<path>]] [--html-path] [--man-path] [--info-path]
           [-p|--paginate|--no-pager] [--no-replace-objects] [--bare]
           [--git-dir=<path>] [--work-tree=<path>] [--namespace=<name>]
           <command> [<args>]

The most commonly used git commands are:
   add        Add file contents to the index
   bisect     Find by binary search the change that introduced a bug
   branch     List, create, or delete branches
   checkout   Checkout a branch or paths to the working tree
   clone      Clone a repository into a new directory
   commit     Record changes to the repository
   diff       Show changes between commits, commit and working tree, etc
   fetch      Download objects and refs from another repository
   grep       Print lines matching a pattern
   init       Create an empty Git repository or reinitialize an existing one
   log        Show commit logs
   merge      Join two or more development histories together
   mv         Move or rename a file, a directory, or a symlink
   pull       Fetch from and integrate with another repository or a local branch

   push       Update remote refs along with associated objects
   rebase     Forward-port local commits to the updated upstream head
   reset      Reset current HEAD to the specified state
   rm         Remove files from the working tree and from the index
   show       Show various types of objects
   status     Show the working tree status
   tag        Create, list, delete or verify a tag object signed with GPG

'git help -a' and 'git help -g' lists available subcommands and some
concept guides. See 'git help <command>' or 'git help <concept>'
to read about a specific subcommand or concept.

C:\Windows\System32>git init
Initialized empty Git repository in C:/Windows/System32/.git/

C:\Windows\System32>cd..

C:\Windows>cd C:\Users\Training Center\repository

C:\Users\Training Center\repository>git init
Reinitialized existing Git repository in C:/Users/Training Center/repository/.gi
t/

C:\Users\Training Center\repository>view
'view' is not recognized as an internal or external command,
operable program or batch file.

C:\Users\Training Center\repository>git --add
Unknown option: --add
usage: git [--version] [--help] [-C <path>] [-c name=value]
           [--exec-path[=<path>]] [--html-path] [--man-path] [--info-path]
           [-p|--paginate|--no-pager] [--no-replace-objects] [--bare]
           [--git-dir=<path>] [--work-tree=<path>] [--namespace=<name>]
           <command> [<args>]

C:\Users\Training Center\repository>git add --all

C:\Users\Training Center\repository>git commit -am"first commit"
[master (root-commit) bab0efe] first commit
 8 files changed, 206 insertions(+)
 create mode 100644 HelloWorld/.classpath
 create mode 100644 HelloWorld/.project
 create mode 100644 HelloWorld/.settings/org.eclipse.jdt.core.prefs
 create mode 100644 HelloWorld/bin/Main.class
 create mode 100644 HelloWorld/src/Main.class
 create mode 100644 HelloWorld/src/Main.java
 create mode 100644 apontamentos.txt
 create mode 100644 gitignore

C:\Users\Training Center\repository>git log
WARNING: terminal is not fully functional
commit bab0efe9a6650b7563ba44042b3e5841057174dd
Author: ruibras <ruixmxbras@gmail.com>
Date:   Sat May 3 12:40:28 2014 +0100

    first commit

C:\Users\Training Center\repository>git remote add origin https://github.com/rui
bras/Java_Fundamentals.git

C:\Users\Training Center\repository>git push -set-upstream origin master
error: did you mean `--set-upstream` (with two dashes ?)

C:\Users\Training Center\repository>git push --set--upstream origin master
error: unknown option `set--upstream'
usage: git push [<options>] [<repository> [<refspec>...]]

    -v, --verbose         be more verbose
    -q, --quiet           be more quiet
    --repo <repository>   repository
    --all                 push all refs
    --mirror              mirror all refs
    --delete              delete refs
    --tags                push tags (can't be used with --all or --mirror)
    -n, --dry-run         dry run
    --porcelain           machine-readable output
    -f, --force           force updates
    --force-with-lease[=<refname>:<expect>]
                          require old value of ref to be at this value
    --recurse-submodules[=<check>]
                          control recursive pushing of submodules
    --thin                use thin pack
    --receive-pack <receive-pack>
                          receive pack program
    --exec <receive-pack>
                          receive pack program
    -u, --set-upstream    set upstream for git pull/status
    --progress            force progress reporting
    --prune               prune locally removed refs
    --no-verify           bypass pre-push hook
    --follow-tags         push missing but relevant tags


C:\Users\Training Center\repository>git push
warning: push.default is unset; its implicit value is changing in
Git 2.0 from 'matching' to 'simple'. To squelch this message
and maintain the current behavior after the default changes, use:

  git config --global push.default matching

To squelch this message and adopt the new behavior now, use:

  git config --global push.default simple

When push.default is set to 'matching', git will push local branches
to the remote branches that already exist with the same name.

In Git 2.0, Git will default to the more conservative 'simple'
behavior, which only pushes the current branch to the corresponding
remote branch that 'git pull' uses to update the current branch.

See 'git help config' and search for 'push.default' for further information.
(the 'simple' mode was introduced in Git 1.7.11. Use the similar mode
'current' instead of 'simple' if you sometimes use older versions of Git)

Username for 'https://github.com': ruibras
Password for 'https://ruibras@github.com':
To https://github.com/ruibras/Java_Fundamentals.git
 ! [rejected]        master -> master (fetch first)
error: failed to push some refs to 'https://github.com/ruibras/Java_Fundamentals
.git'
hint: Updates were rejected because the remote contains work that you do
hint: not have locally. This is usually caused by another repository pushing
hint: to the same ref. You may want to first integrate the remote changes
hint: (e.g., 'git pull ...') before pushing again.
hint: See the 'Note about fast-forwards' in 'git push --help' for details.

C:\Users\Training Center\repository>git push
warning: push.default is unset; its implicit value is changing in
Git 2.0 from 'matching' to 'simple'. To squelch this message
and maintain the current behavior after the default changes, use:

  git config --global push.default matching

To squelch this message and adopt the new behavior now, use:

  git config --global push.default simple

When push.default is set to 'matching', git will push local branches
to the remote branches that already exist with the same name.

In Git 2.0, Git will default to the more conservative 'simple'
behavior, which only pushes the current branch to the corresponding
remote branch that 'git pull' uses to update the current branch.

See 'git help config' and search for 'push.default' for further information.
(the 'simple' mode was introduced in Git 1.7.11. Use the similar mode
'current' instead of 'simple' if you sometimes use older versions of Git)

Username for 'https://github.com': ruibras
Password for 'https://ruibras@github.com':
To https://github.com/ruibras/Java_Fundamentals.git
 ! [rejected]        master -> master (fetch first)
error: failed to push some refs to 'https://github.com/ruibras/Java_Fundamentals
.git'
hint: Updates were rejected because the remote contains work that you do
hint: not have locally. This is usually caused by another repository pushing
hint: to the same ref. You may want to first integrate the remote changes
hint: (e.g., 'git pull ...') before pushing again.
hint: See the 'Note about fast-forwards' in 'git push --help' for details.

C:\Users\Training Center\repository>git pull
warning: no common commits
remote: Counting objects: 3, done.
remote: Total 3 (delta 0), reused 0 (delta 0)
Unpacking objects: 100% (3/3), done.
From https://github.com/ruibras/Java_Fundamentals
 * [new branch]      master     -> origin/master
There is no tracking information for the current branch.
Please specify which branch you want to merge with.
See git-pull(1) for details

    git pull <remote> <branch>

If you wish to set tracking information for this branch you can do so with:

    git branch --set-upstream-to=origin/<branch> master


C:\Users\Training Center\repository>git pull origin master
From https://github.com/ruibras/Java_Fundamentals
 * branch            master     -> FETCH_HEAD
Merge made by the 'recursive' strategy.
 README.md | 2 ++
 1 file changed, 2 insertions(+)
 create mode 100644 README.md

C:\Users\Training Center\repository>git push
warning: push.default is unset; its implicit value is changing in
Git 2.0 from 'matching' to 'simple'. To squelch this message
and maintain the current behavior after the default changes, use:

  git config --global push.default matching

To squelch this message and adopt the new behavior now, use:

  git config --global push.default simple

When push.default is set to 'matching', git will push local branches
to the remote branches that already exist with the same name.

In Git 2.0, Git will default to the more conservative 'simple'
behavior, which only pushes the current branch to the corresponding
remote branch that 'git pull' uses to update the current branch.

See 'git help config' and search for 'push.default' for further information.
(the 'simple' mode was introduced in Git 1.7.11. Use the similar mode
'current' instead of 'simple' if you sometimes use older versions of Git)

Username for 'https://github.com': ruibras
Password for 'https://ruibras@github.com':
Counting objects: 17, done.
Compressing objects: 100% (15/15), done.
Writing objects: 100% (16/16), 3.93 KiB | 0 bytes/s, done.
Total 16 (delta 1), reused 0 (delta 0)
To https://github.com/ruibras/Java_Fundamentals.git
   eedaa96..181fb9e  master -> master

C:\Users\Training Center\repository>
***********************
--depois de cada alteraçcao
git commit -am"first commit"
git push

--para voltar a uma versão anterior
 git checkout  (com o nome ou hash)
 
 --em casa
 branch copiar o links
 git clone links
 
 
 **************************************************
 
 Aula 2
 
 cilcos for
 ----
 
 Object Oriented
 
 class != Object
 
 Objecto é uma instancia de uma class
 operacoes = comportamentos  ouse ja metodos
 ----- 
 aplicação para ver jogos e resultados
 
  
 adicionar equipa no campeaonato
 criar jogo num campeonato
 registar resultado do jogo
  quantos jogos faltam jogar
 calcular a equipa com mais golos
  
 
 
 saber o que é assinatura do metodos( se é overload)
 
 Games[]  gamestoplay()
boolean por defeito false
 
******************************************************

aula 3

Championsship
team[]
games[]
POntuações
add team
addgame
savegamescore
gamestoplay


struturing classes

public class xpto {

public static int x=0;

w.x=5
y.x=5
xpto w= new xpto();

xpto Y=new xpto();

quando se define uma variavel como static é valida na class, se for altera num metodo esse valor é valido para outras classes.


*****
promocao de variaveis

quando
int (32) x=0.0 dá erro
double (64)  y=0  ele promove para 0.0

LONG X= 0.0 ;
LONG X=(LONG) 0.0;




INT X=1/3


int j=50;
char i =(char)j;    sop (i)=2 resultado do numero ascii 50
------------
char(16) c ='U';
int(32) x=c: sop(x) u 117 U 85

byte-8
short-16
int-32   é integral   sem vigulas
long-64  é integral   sem virgulas

float -32 n é inegral    com virgula flutoante
double - 64  n é inegral   com virgula flutoante

char - 16
boolean  - 1?????


**********************************

aula 4

o float e double não são precisos 100%

float 3 pode ser 2.99999999999999



i++  incremento

--  decremento

i++ post increment
++i pre-incremnet

int age=10, yourage=15;
age=age+1
yourage=age++
yourage=++age;


int count=15;
int a,b,c,d =0
              count    a   b  c   d
a=count++;      16    15   0  0   0
b= count;       16    15   16 17   0
d=count         17    15   16 17   17


int i = 15 j =10

a = i++ +j   a=25,i=16,j=10
a=i+ ++j    a=26 ,i=15, j=11

a =(i++) +i  a=31 i=16

a= i +(++i)  a=32  i=16  

int a =(i++) + i; 31

int b= i+(++i)    31

int aa= i +(i++)   30

int bb=(++i) +i   32


		System.out.println(i+++1+j+++--j);
15+1+10+10
i=16
j=11
j=10

i/j*j++=15    i=16

i/(j*j++)  15/100  =


30'0 :20
10 0 1.5
0

******
int m1=Integer.MAX_VALUE;
int m2=Integer.MAX_VALUE;
int m3;
m2=m2+1;
m3=(m1+m2);

System.out.println("m3"+m3);
****

float f =10.5

float f =10.5f



conversoes tem de ter o mesmo tamanho int 32  float 32


ou double 64 e long 64

*******************************
aula 5  Working with References

31_5_2014 

pointer---

reference ---

*****************************
Shirt myShirt = new Shirt;
(Declaração)     (Instanciação)
myShirt.display();


em java não há passagem por referencia , existe copia do valor.

polimorfismos

Shirt s1;
s1=s;

s.changecolor('Y')

s1.color (tem a mesma cor de s)


s ---> ox...(memoria)--->Shirt
s1---> ox...(memoria)--->Shirt

S1=null S1 perde a referencia aShirt

1z0-803
1z0-804

 "Hello" é uma String não é uma cadeia de carcteres 

exemplo do elevador goup e goDown

*******
int i=2;
if (i<1 && ()))

sop(i)

if (i>1 ||(i++>3)
		sop i

		
*********************************************

aula 6

7-6-2014 
Stack heap
array de shirts ver exemplo PDF

 shirt [1]=	shirt[2]

 não existe passagem de referencia, mas sim copia de refencia
 
 array de duas dimensoes
 
 arraylist
 
 ciclos for while while do
 
 
 loop com break, continue...
*********************************************
aula 7

overloading tanto pode ser nos metodos como nos construtores ( construtores com varios parametros)

tipos de variaveis
static?? Final??

construtor por defeito ( ou por omissao) quando não e criado nenhum construotr e cria um por defeiro.
 chaining the cosntrutors multiplus construptres encadeados



variaveis da class usase (underscore) ex: _doorOpen 