formação JAVA Fundamentals
Laura Santos ISEL 960266373

Applet ( Entrega declaraçãoes IRS)

JRE Java runtime envoirement

c:\windows\path 


Microsoft Windows [Version 6.3.9600]
(c) 2013 Microsoft Corporation. All rights reserved.

C:\Windows\System32>cd ..

C:\Windows>path
PATH=C:\Windows\system32;C:\Windows;C:\Windows\System32\Wbem;C:\Windows\System32
\WindowsPowerShell\v1.0\

C:\Windows>java
Usage: java [-options] class [args...]
           (to execute a class)
   or  java [-options] -jar jarfile [args...]
           (to execute a jar file)
where options include:
    -d32          use a 32-bit data model if available
    -d64          use a 64-bit data model if available
    -server       to select the "server" VM
    -hotspot      is a synonym for the "server" VM  [deprecated]
                  The default VM is server.

    -cp <class search path of directories and zip/jar files>
    -classpath <class search path of directories and zip/jar files>
                  A ; separated list of directories, JAR archives,
                  and ZIP archives to search for class files.
    -D<name>=<value>
                  set a system property
    -verbose:[class|gc|jni]
                  enable verbose output
    -version      print product version and exit
    -version:<value>
                  require the specified version to run
    -showversion  print product version and continue
    -jre-restrict-search | -no-jre-restrict-search
                  include/exclude user private JREs in the version search
    -? -help      print this help message
    -X            print help on non-standard options
    -ea[:<packagename>...|:<classname>]
    -enableassertions[:<packagename>...|:<classname>]
                  enable assertions with specified granularity
    -da[:<packagename>...|:<classname>]
    -disableassertions[:<packagename>...|:<classname>]
                  disable assertions with specified granularity
    -esa | -enablesystemassertions
                  enable system assertions
    -dsa | -disablesystemassertions
                  disable system assertions
    -agentlib:<libname>[=<options>]
                  load native agent library <libname>, e.g. -agentlib:hprof
                  see also, -agentlib:jdwp=help and -agentlib:hprof=help
    -agentpath:<pathname>[=<options>]
                  load native agent library by full pathname
    -javaagent:<jarpath>[=<options>]
                  load Java programming language agent, see java.lang.instrument

    -splash:<imagepath>
                  show splash screen with specified image
See http://www.oracle.com/technetwork/java/javase/documentation/index.html for m
ore details.



********
Microsoft Windows [Version 6.3.9600]
(c) 2013 Microsoft Corporation. All rights reserved.

C:\Windows\System32>cd C:\Users\Training Center\repository\HelloWorld\bin

C:\Users\Training Center\repository\HelloWorld\bin>javac Main.java
javac: file not found: Main.java
Usage: javac <options> <source files>
use -help for a list of possible options

C:\Users\Training Center\repository\HelloWorld\bin>cd..

C:\Users\Training Center\repository\HelloWorld>dir
 Volume in drive C has no label.
 Volume Serial Number is C2C3-47A8

 Directory of C:\Users\Training Center\repository\HelloWorld

03/05/2014  11:06    <DIR>          .
03/05/2014  11:06    <DIR>          ..
03/05/2014  11:06               301 .classpath
03/05/2014  11:06               386 .project
03/05/2014  11:06    <DIR>          .settings
03/05/2014  11:08    <DIR>          bin
03/05/2014  11:08    <DIR>          src
               2 File(s)            687 bytes
               5 Dir(s)  66 452 361 216 bytes free

C:\Users\Training Center\repository\HelloWorld>cd src

C:\Users\Training Center\repository\HelloWorld\src>javac Main.java

C:\Users\Training Center\repository\HelloWorld\src>java Main

C:\Users\Training Center\repository\HelloWorld\src>javac Main.java

C:\Users\Training Center\repository\HelloWorld\src>java Main
Hello World

C:\Users\Training Center\repository\HelloWorld\src>
***********************
Git  Hub
https://github.com/
https://github.com/github/gitignore/blob/master/Java.gitignore